Release 14.7 - xst P.20131013 (nt64)
Copyright (c) 1995-2013 Xilinx, Inc.  All rights reserved.
--> Parameter TMPDIR set to xst/projnav.tmp


Total REAL time to Xst completion: 0.00 secs
Total CPU time to Xst completion: 0.08 secs
 
--> Parameter xsthdpdir set to xst


Total REAL time to Xst completion: 0.00 secs
Total CPU time to Xst completion: 0.08 secs
 
--> Reading design: data_memory.prj

TABLE OF CONTENTS
  1) Synthesis Options Summary
  2) HDL Parsing
  3) HDL Elaboration
  4) HDL Synthesis
       4.1) HDL Synthesis Report
  5) Advanced HDL Synthesis
       5.1) Advanced HDL Synthesis Report
  6) Low Level Synthesis
  7) Partition Report
  8) Design Summary
       8.1) Primitive and Black Box Usage
       8.2) Device utilization summary
       8.3) Partition Resource Summary
       8.4) Timing Report
            8.4.1) Clock Information
            8.4.2) Asynchronous Control Signals Information
            8.4.3) Timing Summary
            8.4.4) Timing Details
            8.4.5) Cross Clock Domains Report


=========================================================================
*                      Synthesis Options Summary                        *
=========================================================================
---- Source Parameters
Input File Name                    : "data_memory.prj"
Ignore Synthesis Constraint File   : NO

---- Target Parameters
Output File Name                   : "data_memory"
Output Format                      : NGC
Target Device                      : xc7a100t-3-csg324

---- Source Options
Top Module Name                    : data_memory
Automatic FSM Extraction           : YES
FSM Encoding Algorithm             : Auto
Safe Implementation                : No
FSM Style                          : LUT
RAM Extraction                     : Yes
RAM Style                          : Auto
ROM Extraction                     : Yes
Shift Register Extraction          : YES
ROM Style                          : Auto
Resource Sharing                   : YES
Asynchronous To Synchronous        : NO
Shift Register Minimum Size        : 2
Use DSP Block                      : Auto
Automatic Register Balancing       : No

---- Target Options
LUT Combining                      : Auto
Reduce Control Sets                : Auto
Add IO Buffers                     : YES
Global Maximum Fanout              : 100000
Add Generic Clock Buffer(BUFG)     : 32
Register Duplication               : YES
Optimize Instantiated Primitives   : NO
Use Clock Enable                   : Auto
Use Synchronous Set                : Auto
Use Synchronous Reset              : Auto
Pack IO Registers into IOBs        : Auto
Equivalent register Removal        : YES

---- General Options
Optimization Goal                  : Speed
Optimization Effort                : 1
Power Reduction                    : NO
Keep Hierarchy                     : No
Netlist Hierarchy                  : As_Optimized
RTL Output                         : Yes
Global Optimization                : AllClockNets
Read Cores                         : YES
Write Timing Constraints           : NO
Cross Clock Analysis               : NO
Hierarchy Separator                : /
Bus Delimiter                      : <>
Case Specifier                     : Maintain
Slice Utilization Ratio            : 100
BRAM Utilization Ratio             : 100
DSP48 Utilization Ratio            : 100
Auto BRAM Packing                  : NO
Slice Utilization Ratio Delta      : 5

=========================================================================


=========================================================================
*                          HDL Parsing                                  *
=========================================================================
Analyzing Verilog file "D:\cpu\data_memory.v" into library work
Parsing module <data_memory>.

=========================================================================
*                            HDL Elaboration                            *
=========================================================================

Elaborating module <data_memory>.

=========================================================================
*                           HDL Synthesis                               *
=========================================================================

Synthesizing Unit <data_memory>.
    Related source file is "D:\cpu\data_memory.v".
WARNING:Xst:647 - Input <mem_access_addr<0:0>> is never used. This port will be preserved and left unconnected if it belongs to a top-level block or it belongs to a sub-block and the hierarchy of this sub-block is preserved.
WARNING:Xst:647 - Input <mem_access_addr<15:9>> is never used. This port will be preserved and left unconnected if it belongs to a top-level block or it belongs to a sub-block and the hierarchy of this sub-block is preserved.
    Found 256x16-bit single-port RAM <Mram_ram> for signal <ram>.
    Summary:
	inferred   1 RAM(s).
	inferred   1 Multiplexer(s).
Unit <data_memory> synthesized.

=========================================================================
HDL Synthesis Report

Macro Statistics
# RAMs                                                 : 1
 256x16-bit single-port RAM                            : 1
# Multiplexers                                         : 1
 16-bit 2-to-1 multiplexer                             : 1

=========================================================================

=========================================================================
*                       Advanced HDL Synthesis                          *
=========================================================================


Synthesizing (advanced) Unit <data_memory>.
INFO:Xst:3218 - HDL ADVISOR - The RAM <Mram_ram> will be implemented on LUTs either because you have described an asynchronous read or because of currently unsupported block RAM features. If you have described an asynchronous read, making it synchronous would allow you to take advantage of available block RAM resources, for optimized device usage and improved timings. Please refer to your documentation for coding guidelines.
    -----------------------------------------------------------------------
    | ram_type           | Distributed                         |          |
    -----------------------------------------------------------------------
    | Port A                                                              |
    |     aspect ratio   | 256-word x 16-bit                   |          |
    |     clkA           | connected to signal <clk>           | rise     |
    |     weA            | connected to signal <mem_write_en>  | high     |
    |     addrA          | connected to signal <mem_access_addr> |          |
    |     diA            | connected to signal <mem_write_data> |          |
    |     doA            | connected to internal node          |          |
    -----------------------------------------------------------------------
Unit <data_memory> synthesized (advanced).

=========================================================================
Advanced HDL Synthesis Report

Macro Statistics
# RAMs                                                 : 1
 256x16-bit single-port distributed RAM                : 1
# Multiplexers                                         : 1
 16-bit 2-to-1 multiplexer                             : 1

=========================================================================

=========================================================================
*                         Low Level Synthesis                           *
=========================================================================

Optimizing unit <data_memory> ...

Mapping all equations...
Building and optimizing final netlist ...
Found area constraint ratio of 100 (+ 5) on block data_memory, actual ratio is 0.

Final Macro Processing ...

=========================================================================
Final Register Report

Found no macro
=========================================================================

=========================================================================
*                           Partition Report                            *
=========================================================================

Partition Implementation Status
-------------------------------

  No Partitions were found in this design.

-------------------------------

=========================================================================
*                            Design Summary                             *
=========================================================================

Top Level Output File Name         : data_memory.ngc

Primitive and Black Box Usage:
------------------------------
# BELS                             : 16
#      LUT2                        : 16
# RAMS                             : 16
#      RAM256X1S                   : 16
# Clock Buffers                    : 1
#      BUFGP                       : 1
# IO Buffers                       : 42
#      IBUF                        : 26
#      OBUF                        : 16

Device utilization summary:
---------------------------

Selected Device : 7a100tcsg324-3 


Slice Logic Utilization: 
 Number of Slice LUTs:                   80  out of  63400     0%  
    Number used as Logic:                16  out of  63400     0%  
    Number used as Memory:               64  out of  19000     0%  
       Number used as RAM:               64

Slice Logic Distribution: 
 Number of LUT Flip Flop pairs used:     80
   Number with an unused Flip Flop:      80  out of     80   100%  
   Number with an unused LUT:             0  out of     80     0%  
   Number of fully used LUT-FF pairs:     0  out of     80     0%  
   Number of unique control sets:         0

IO Utilization: 
 Number of IOs:                          51
 Number of bonded IOBs:                  43  out of    210    20%  

Specific Feature Utilization:
 Number of BUFG/BUFGCTRLs:                1  out of     32     3%  

---------------------------
Partition Resource Summary:
---------------------------

  No Partitions were found in this design.

---------------------------


=========================================================================
Timing Report

NOTE: THESE TIMING NUMBERS ARE ONLY A SYNTHESIS ESTIMATE.
      FOR ACCURATE TIMING INFORMATION PLEASE REFER TO THE TRACE REPORT
      GENERATED AFTER PLACE-and-ROUTE.

Clock Information:
------------------
-----------------------------------+------------------------+-------+
Clock Signal                       | Clock buffer(FF name)  | Load  |
-----------------------------------+------------------------+-------+
clk                                | BUFGP                  | 16    |
-----------------------------------+------------------------+-------+

Asynchronous Control Signals Information:
----------------------------------------
No asynchronous control signals found in this design

Timing Summary:
---------------
Speed Grade: -3

   Minimum period: No path found
   Minimum input arrival time before clock: 1.110ns
   Maximum output required time after clock: 2.237ns
   Maximum combinational path delay: 0.825ns

Timing Details:
---------------
All values displayed in nanoseconds (ns)

=========================================================================
Timing constraint: Default OFFSET IN BEFORE for Clock 'clk'
  Total number of paths / destination ports: 160 / 160
-------------------------------------------------------------------------
Offset:              1.110ns (Levels of Logic = 1)
  Source:            mem_write_data<1> (PAD)
  Destination:       Mram_ram2 (RAM)
  Destination Clock: clk rising

  Data Path: mem_write_data<1> to Mram_ram2
                                Gate     Net
    Cell:in->out      fanout   Delay   Delay  Logical Name (Net Name)
    ----------------------------------------  ------------
     IBUF:I->O             1   0.001   0.279  mem_write_data_1_IBUF (mem_write_data_1_IBUF)
     RAM256X1S:D               0.830          Mram_ram2
    ----------------------------------------
    Total                      1.110ns (0.831ns logic, 0.279ns route)
                                       (74.8% logic, 25.2% route)

=========================================================================
Timing constraint: Default OFFSET OUT AFTER for Clock 'clk'
  Total number of paths / destination ports: 16 / 16
-------------------------------------------------------------------------
Offset:              2.237ns (Levels of Logic = 2)
  Source:            Mram_ram16 (RAM)
  Destination:       mem_read_data<15> (PAD)
  Source Clock:      clk rising

  Data Path: Mram_ram16 to mem_read_data<15>
                                Gate     Net
    Cell:in->out      fanout   Delay   Delay  Logical Name (Net Name)
    ----------------------------------------  ------------
     RAM256X1S:WCLK->O     1   1.565   0.295  Mram_ram16 (_n0011<15>)
     LUT2:I1->O            1   0.097   0.279  Mmux_mem_read_data71 (mem_read_data_15_OBUF)
     OBUF:I->O                 0.000          mem_read_data_15_OBUF (mem_read_data<15>)
    ----------------------------------------
    Total                      2.237ns (1.662ns logic, 0.575ns route)
                                       (74.3% logic, 25.7% route)

=========================================================================
Timing constraint: Default path analysis
  Total number of paths / destination ports: 16 / 16
-------------------------------------------------------------------------
Delay:               0.825ns (Levels of Logic = 3)
  Source:            mem_read (PAD)
  Destination:       mem_read_data<15> (PAD)

  Data Path: mem_read to mem_read_data<15>
                                Gate     Net
    Cell:in->out      fanout   Delay   Delay  Logical Name (Net Name)
    ----------------------------------------  ------------
     IBUF:I->O            16   0.001   0.448  mem_read_IBUF (mem_read_IBUF)
     LUT2:I0->O            1   0.097   0.279  Mmux_mem_read_data161 (mem_read_data_9_OBUF)
     OBUF:I->O                 0.000          mem_read_data_9_OBUF (mem_read_data<9>)
    ----------------------------------------
    Total                      0.825ns (0.098ns logic, 0.727ns route)
                                       (11.9% logic, 88.1% route)

=========================================================================

Cross Clock Domains Report:
--------------------------

=========================================================================


Total REAL time to Xst completion: 6.00 secs
Total CPU time to Xst completion: 5.73 secs
 
--> 

Total memory usage is 4690416 kilobytes

Number of errors   :    0 (   0 filtered)
Number of warnings :    2 (   0 filtered)
Number of infos    :    1 (   0 filtered)

